src/features/grading/screens/view-history-screen.tsx(248,44): error TS2550: Property 'includes' does not exist on type 'string'. Do you need to change your target library? Try changing the 'lib' compiler option to 'es2015' or later.
src/features/grading/screens/view-history-screen.tsx(249,49): error TS2550: Property 'includes' does not exist on type 'string'. Do you need to change your target library? Try changing the 'lib' compiler option to 'es2015' or later.
src/features/grading/screens/view-history-screen.tsx(250,50): error TS2550: Property 'includes' does not exist on type 'string'. Do you need to change your target library? Try changing the 'lib' compiler option to 'es2015' or later.
src/features/grading/screens/view-history-screen.tsx(251,47): error TS2550: Property 'includes' does not exist on type 'string'. Do you need to change your target library? Try changing the 'lib' compiler option to 'es2015' or later.
src/features/grading/screens/view-history-screen.tsx(273,39): error TS2550: Property 'includes' does not exist on type 'string'. Do you need to change your target library? Try changing the 'lib' compiler option to 'es2015' or later.
src/features/grading/screens/view-history-screen.tsx(680,31): error TS2550: Property 'entries' does not exist on type 'ObjectConstructor'. Do you need to change your target library? Try changing the 'lib' compiler option to 'es2017' or later.
src/features/grading/screens/view-history-screen.tsx(1029,14): error TS2304: Cannot find name 'renderDetailModal'.
